// Jest Snapshot v1, https://goo.gl/fbAQLP

exports[`asyncOperationStateUtils getAsyncOperation should return an initial read asyncOperation: well formed initial asyncOperation 1`] = `
Object {
  "dataStatus": "ABSENT",
  "descriptorId": "FETCH_PERSON_DATA",
  "fetchStatus": "NULL",
  "lastDataStatusTime": 0,
  "lastFetchFailed": false,
  "lastFetchStatusTime": 0,
  "message": null,
  "operationKey": "FETCH_PERSON_DATA_111",
  "personId": 111,
}
`;
