// Jest Snapshot v1, https://goo.gl/fbAQLP

exports[`asyncOperationStateUtils updateAsyncOperation should update state with an asyncOperation: state with well formed asyncOperation 1`] = `
Object {
  "UPDATE_PERSON_DATA_111": Object {
    "descriptorId": "UPDATE_PERSON_DATA",
    "fetchStatus": "SUCCESSFUL",
    "key": "UPDATE_PERSON_DATA_111",
    "lastDataStatusTime": "2018-10-01T19:12:53.189Z",
    "lastFetchStatusTime": "2018-10-01T19:12:46.189Z",
    "message": null,
    "params": Object {
      "personId": 111,
    },
  },
}
`;
